Microsoft Windows [version 10.0.19045.3448]
(c) Microsoft Corporation. Tous droits réservés.

C:\WINDOWS\system32>git clone https://github.com/raed-sebti/vagrant-files?search=1
fatal: could not create work tree dir 'vagrant-files?search=1': Invalid argument

C:\WINDOWS\system32>git clone https://github.com/raed-sebti/vagrant-files/tree/d54246eff1ccc29e16abaf9ffddf6c0a3c10f373
Cloning into 'd54246eff1ccc29e16abaf9ffddf6c0a3c10f373'...
fatal: unable to access 'https://github.com/raed-sebti/vagrant-files/tree/d54246eff1ccc29e16abaf9ffddf6c0a3c10f373/': Could not resolve host: github.com

C:\WINDOWS\system32>cd Bureau
Le chemin d’accès spécifié est introuvable.

C:\WINDOWS\system32>cd desktop
Le chemin d’accès spécifié est introuvable.

C:\WINDOWS\system32>cd ..

C:\Windows>cd ..

C:\>cd cd ..
Le chemin d’accès spécifié est introuvable.

C:\>cd C:\Users\RBSH4852\Desktop\Projets

C:\Users\RBSH4852\Desktop\Projets>cd ..

C:\Users\RBSH4852\Desktop>
C:\Users\RBSH4852\Desktop>
C:\Users\RBSH4852\Desktop>
C:\Users\RBSH4852\Desktop>git clone https://github.com/raed-sebti/vagrant-files/tree/d54246eff1ccc29e16abaf9ffddf6c0a3c10f373
Cloning into 'd54246eff1ccc29e16abaf9ffddf6c0a3c10f373'...
fatal: unable to access 'https://github.com/raed-sebti/vagrant-files/tree/d54246eff1ccc29e16abaf9ffddf6c0a3c10f373/': Could not resolve host: github.com

C:\Users\RBSH4852\Desktop>git clone https://github.com/raed-sebti/vagrant-files/tree/d54246eff1ccc29e16abaf9ffddf6c0a3c10f373
Cloning into 'd54246eff1ccc29e16abaf9ffddf6c0a3c10f373'...
fatal: repository 'https://github.com/raed-sebti/vagrant-files/tree/d54246eff1ccc29e16abaf9ffddf6c0a3c10f373/' not found

C:\Users\RBSH4852\Desktop>git clone https://github.com/raed-sebti/vagrant-files/tree/d54246eff1ccc29e16abaf9ffddf6c0a3c10f373
Cloning into 'd54246eff1ccc29e16abaf9ffddf6c0a3c10f373'...
fatal: repository 'https://github.com/raed-sebti/vagrant-files/tree/d54246eff1ccc29e16abaf9ffddf6c0a3c10f373/' not found

C:\Users\RBSH4852\Desktop>git clone https://github.com/raed-sebti/vagrant-files/tree/d54246eff1ccc29e16abaf9ffddf6c0a3c10f373
Cloning into 'd54246eff1ccc29e16abaf9ffddf6c0a3c10f373'...
fatal: repository 'https://github.com/raed-sebti/vagrant-files/tree/d54246eff1ccc29e16abaf9ffddf6c0a3c10f373/' not found

C:\Users\RBSH4852\Desktop>git clone https://github.com/raed-sebti/vagrant-files.git
Cloning into 'vagrant-files'...
remote: Enumerating objects: 63, done.
remote: Counting objects: 100% (63/63), done.
remote: Compressing objects: 100% (59/59), done.
Receiving objects:  14% (9/63)eused 23 (delta 1), pack-reused 0
Receiving objects: 100% (63/63), 13.87 KiB | 1.16 MiB/s, done.
Resolving deltas: 100% (22/22), done.

C:\Users\RBSH4852\Desktop>cd vagrant-files

C:\Users\RBSH4852\Desktop\vagrant-files>vagrant up
Installing the 'vagrant-hostmanager' plugin. This can take a few minutes...
Fetching vagrant-hostmanager-1.8.10.gem
Installed the plugin 'vagrant-hostmanager (1.8.10)'!
Installing the 'vagrant-sshfs' plugin. This can take a few minutes...
Fetching win32-process-0.10.0.gem
Fetching vagrant-sshfs-1.3.7.gem
Installed the plugin 'vagrant-sshfs (1.3.7)'!
Bringing machine 'control' up with 'virtualbox' provider...
Bringing machine 'master' up with 'virtualbox' provider...
Bringing machine 'node1' up with 'virtualbox' provider...
Bringing machine 'node2' up with 'virtualbox' provider...
==> control: Box 'bento/ubuntu-18.04' could not be found. Attempting to find and install...
    control: Box Provider: virtualbox
    control: Box Version: >= 0
==> control: Loading metadata for box 'bento/ubuntu-18.04'
    control: URL: https://vagrantcloud.com/api/v2/vagrant/bento/ubuntu-18.04
==> control: Adding box 'bento/ubuntu-18.04' (v202303.13.0) for provider: virtualbox
    control: Downloading: https://vagrantcloud.com/bento/boxes/ubuntu-18.04/versions/202303.13.0/providers/virtualbox/unknown/vagrant.box
    control:
==> control: Successfully added box 'bento/ubuntu-18.04' (v202303.13.0) for 'virtualbox'!
==> control: Importing base box 'bento/ubuntu-18.04'...
==> control: Matching MAC address for NAT networking...
==> control: Checking if box 'bento/ubuntu-18.04' version '202303.13.0' is up to date...
==> control: Setting the name of the VM: vagrant-files_control_1697984523838_21919
==> control: Clearing any previously set network interfaces...
==> control: Preparing network interfaces based on configuration...
    control: Adapter 1: nat
    control: Adapter 2: hostonly
==> control: Forwarding ports...
    control: 22 (guest) => 2222 (host) (adapter 1)
==> control: Running 'pre-boot' VM customizations...
==> control: Booting VM...
==> control: Waiting for machine to boot. This may take a few minutes...
    control: SSH address: 127.0.0.1:2222
    control: SSH username: vagrant
    control: SSH auth method: private key
    control: Warning: Connection aborted. Retrying...
    control: Warning: Connection reset. Retrying...
    control:
    control: Vagrant insecure key detected. Vagrant will automatically replace
    control: this with a newly generated keypair for better security.
    control:
    control: Inserting generated public key within guest...
    control: Removing insecure key from the guest if it's present...
    control: Key inserted! Disconnecting and reconnecting using new SSH key...
==> control: Machine booted and ready!
[control] GuestAdditions versions on your host (7.0.12) and guest (7.0.6) do not match.
Reading package lists...
Building dependency tree...
Reading state information...
The following additional packages will be installed:
  dpkg-dev fakeroot g++ g++-7 gcc gcc-7 libalgorithm-diff-perl
  libalgorithm-diff-xs-perl libalgorithm-merge-perl libasan4 libatomic1
  libc-dev-bin libc6-dev libcc1-0 libcilkrts5 libdpkg-perl libfakeroot
  libfile-fcntllock-perl libgcc-7-dev libgomp1 libitm1 liblsan0 libmpx2
  libquadmath0 libstdc++-7-dev libtsan0 libubsan0 linux-headers-4.15.0-206
  linux-libc-dev make manpages-dev patch
Suggested packages:
  python3-apport menu debian-keyring g++-multilib g++-7-multilib gcc-7-doc
  libstdc++6-7-dbg gcc-multilib autoconf automake libtool flex bison gdb
  gcc-doc gcc-7-multilib gcc-7-locales libgcc1-dbg libgomp1-dbg libitm1-dbg
  libatomic1-dbg libasan4-dbg liblsan0-dbg libtsan0-dbg libubsan0-dbg
  libcilkrts5-dbg libmpx2-dbg libquadmath0-dbg glibc-doc git bzr
  libstdc++-7-doc make-doc diffutils-doc
The following NEW packages will be installed:
  build-essential dkms dpkg-dev fakeroot g++ g++-7 gcc gcc-7
  libalgorithm-diff-perl libalgorithm-diff-xs-perl libalgorithm-merge-perl
  libasan4 libatomic1 libc-dev-bin libc6-dev libcc1-0 libcilkrts5 libdpkg-perl
  libfakeroot libfile-fcntllock-perl libgcc-7-dev libgomp1 libitm1 liblsan0
  libmpx2 libquadmath0 libstdc++-7-dev libtsan0 libubsan0
  linux-headers-4.15.0-206 linux-headers-4.15.0-206-generic linux-libc-dev
  make manpages-dev patch
0 upgraded, 35 newly installed, 0 to remove and 0 not upgraded.
Need to get 43.6 MB of archives.
After this operation, 214 MB of additional disk space will be used.
Get:1 http://archive.ubuntu.com/ubuntu bionic-updates/main amd64 libc-dev-bin amd64 2.27-3ubuntu1.6 [71.9 kB]
Ign:2 http://archive.ubuntu.com/ubuntu bionic-updates/main amd64 linux-libc-dev amd64 4.15.0-206.217
Get:3 http://archive.ubuntu.com/ubuntu bionic-updates/main amd64 libc6-dev amd64 2.27-3ubuntu1.6 [2,587 kB]
Get:4 http://archive.ubuntu.com/ubuntu bionic-updates/main amd64 libcc1-0 amd64 8.4.0-1ubuntu1~18.04 [39.4 kB]
Get:5 http://archive.ubuntu.com/ubuntu bionic-updates/main amd64 libgomp1 amd64 8.4.0-1ubuntu1~18.04 [76.5 kB]
Get:6 http://archive.ubuntu.com/ubuntu bionic-updates/main amd64 libitm1 amd64 8.4.0-1ubuntu1~18.04 [27.9 kB]
Get:7 http://archive.ubuntu.com/ubuntu bionic-updates/main amd64 libatomic1 amd64 8.4.0-1ubuntu1~18.04 [9,192 B]
Get:8 http://archive.ubuntu.com/ubuntu bionic-updates/main amd64 libasan4 amd64 7.5.0-3ubuntu1~18.04 [358 kB]
Get:9 http://archive.ubuntu.com/ubuntu bionic-updates/main amd64 liblsan0 amd64 8.4.0-1ubuntu1~18.04 [133 kB]
Get:10 http://archive.ubuntu.com/ubuntu bionic-updates/main amd64 libtsan0 amd64 8.4.0-1ubuntu1~18.04 [288 kB]
Get:11 http://archive.ubuntu.com/ubuntu bionic-updates/main amd64 libubsan0 amd64 7.5.0-3ubuntu1~18.04 [126 kB]
Get:12 http://archive.ubuntu.com/ubuntu bionic-updates/main amd64 libcilkrts5 amd64 7.5.0-3ubuntu1~18.04 [42.5 kB]
Err:2 http://security.ubuntu.com/ubuntu bionic-updates/main amd64 linux-libc-dev amd64 4.15.0-206.217
  404  Not Found [IP: 185.125.190.36 80]
Get:13 http://archive.ubuntu.com/ubuntu bionic-updates/main amd64 libmpx2 amd64 8.4.0-1ubuntu1~18.04 [11.6 kB]
Get:14 http://archive.ubuntu.com/ubuntu bionic-updates/main amd64 libquadmath0 amd64 8.4.0-1ubuntu1~18.04 [134 kB]
Get:15 http://archive.ubuntu.com/ubuntu bionic-updates/main amd64 libgcc-7-dev amd64 7.5.0-3ubuntu1~18.04 [2,378 kB]
Get:16 http://archive.ubuntu.com/ubuntu bionic-updates/main amd64 gcc-7 amd64 7.5.0-3ubuntu1~18.04 [9,381 kB]
Get:17 http://archive.ubuntu.com/ubuntu bionic-updates/main amd64 gcc amd64 4:7.4.0-1ubuntu2.3 [5,184 B]
Get:18 http://archive.ubuntu.com/ubuntu bionic-updates/main amd64 libstdc++-7-dev amd64 7.5.0-3ubuntu1~18.04 [1,471 kB]
Get:19 http://archive.ubuntu.com/ubuntu bionic-updates/main amd64 g++-7 amd64 7.5.0-3ubuntu1~18.04 [9,697 kB]
Get:20 http://archive.ubuntu.com/ubuntu bionic-updates/main amd64 g++ amd64 4:7.4.0-1ubuntu2.3 [1,568 B]
Get:21 http://archive.ubuntu.com/ubuntu bionic/main amd64 make amd64 4.1-9.1ubuntu1 [154 kB]
Get:22 http://archive.ubuntu.com/ubuntu bionic-updates/main amd64 libdpkg-perl all 1.19.0.5ubuntu2.4 [212 kB]
Get:23 http://archive.ubuntu.com/ubuntu bionic-updates/main amd64 patch amd64 2.7.6-2ubuntu1.1 [102 kB]
Get:24 http://archive.ubuntu.com/ubuntu bionic-updates/main amd64 dpkg-dev all 1.19.0.5ubuntu2.4 [607 kB]
Get:25 http://archive.ubuntu.com/ubuntu bionic/main amd64 build-essential amd64 12.4ubuntu1 [4,758 B]
Get:26 http://archive.ubuntu.com/ubuntu bionic-updates/main amd64 dkms all 2.3-3ubuntu9.7 [68.1 kB]
Get:27 http://archive.ubuntu.com/ubuntu bionic/main amd64 libfakeroot amd64 1.22-2ubuntu1 [25.9 kB]
Get:28 http://archive.ubuntu.com/ubuntu bionic/main amd64 fakeroot amd64 1.22-2ubuntu1 [62.3 kB]
Get:29 http://archive.ubuntu.com/ubuntu bionic/main amd64 libalgorithm-diff-perl all 1.19.03-1 [47.6 kB]
Get:30 http://archive.ubuntu.com/ubuntu bionic/main amd64 libalgorithm-diff-xs-perl amd64 0.04-5 [11.1 kB]
Get:31 http://archive.ubuntu.com/ubuntu bionic/main amd64 libalgorithm-merge-perl all 0.08-3 [12.0 kB]
Get:32 http://archive.ubuntu.com/ubuntu bionic/main amd64 libfile-fcntllock-perl amd64 0.22-3build2 [33.2 kB]
Get:33 http://archive.ubuntu.com/ubuntu bionic-updates/main amd64 linux-headers-4.15.0-206 all 4.15.0-206.217 [11.0 MB]
Get:34 http://archive.ubuntu.com/ubuntu bionic-updates/main amd64 linux-headers-4.15.0-206-generic amd64 4.15.0-206.217 [1,263 kB]
Get:35 http://archive.ubuntu.com/ubuntu bionic/main amd64 manpages-dev all 4.15-1 [2,217 kB]
Fetched 42.6 MB in 3s (14.1 MB/s)
E: Failed to fetch http://security.ubuntu.com/ubuntu/pool/main/l/linux/linux-libc-dev_4.15.0-206.217_amd64.deb  404  Not Found [IP: 185.125.190.36 80]
E: Unable to fetch some archives, maybe run apt-get update or try with --fix-missing?
Get:1 http://security.ubuntu.com/ubuntu bionic-security InRelease [88.7 kB]
Hit:2 http://archive.ubuntu.com/ubuntu bionic InRelease
Get:3 http://archive.ubuntu.com/ubuntu bionic-updates InRelease [88.7 kB]
Get:4 http://archive.ubuntu.com/ubuntu bionic-backports InRelease [83.3 kB]
Get:5 http://security.ubuntu.com/ubuntu bionic-security/main amd64 Packages [2,717 kB]
Get:6 http://security.ubuntu.com/ubuntu bionic-security/main i386 Packages [1,379 kB]
Get:7 http://security.ubuntu.com/ubuntu bionic-security/main Translation-en [467 kB]
Get:8 http://security.ubuntu.com/ubuntu bionic-security/restricted amd64 Packages [1,317 kB]
Get:9 http://security.ubuntu.com/ubuntu bionic-security/restricted i386 Packages [33.0 kB]
Get:10 http://security.ubuntu.com/ubuntu bionic-security/restricted Translation-en [182 kB]
Get:11 http://security.ubuntu.com/ubuntu bionic-security/universe amd64 Packages [1,303 kB]
Get:12 http://security.ubuntu.com/ubuntu bionic-security/universe i386 Packages [1,078 kB]
Get:13 http://security.ubuntu.com/ubuntu bionic-security/universe Translation-en [308 kB]
Get:14 http://security.ubuntu.com/ubuntu bionic-security/multiverse amd64 Packages [19.8 kB]
Get:15 http://security.ubuntu.com/ubuntu bionic-security/multiverse i386 Packages [6,008 B]
Get:16 http://archive.ubuntu.com/ubuntu bionic-updates/main i386 Packages [1,665 kB]
Get:17 http://archive.ubuntu.com/ubuntu bionic-updates/main amd64 Packages [3,045 kB]
Get:18 http://archive.ubuntu.com/ubuntu bionic-updates/main Translation-en [553 kB]
Get:19 http://archive.ubuntu.com/ubuntu bionic-updates/restricted i386 Packages [39.7 kB]
Get:20 http://archive.ubuntu.com/ubuntu bionic-updates/restricted amd64 Packages [1,347 kB]
Get:21 http://archive.ubuntu.com/ubuntu bionic-updates/restricted Translation-en [187 kB]
Get:22 http://archive.ubuntu.com/ubuntu bionic-updates/universe amd64 Packages [1,914 kB]
Get:23 http://archive.ubuntu.com/ubuntu bionic-updates/universe i386 Packages [1,663 kB]
Get:24 http://archive.ubuntu.com/ubuntu bionic-updates/universe Translation-en [421 kB]
Get:25 http://archive.ubuntu.com/ubuntu bionic-updates/multiverse i386 Packages [11.2 kB]
Get:26 http://archive.ubuntu.com/ubuntu bionic-updates/multiverse amd64 Packages [25.6 kB]
Get:27 http://archive.ubuntu.com/ubuntu bionic-backports/main i386 Packages [53.2 kB]
Get:28 http://archive.ubuntu.com/ubuntu bionic-backports/main amd64 Packages [53.3 kB]
Get:29 http://archive.ubuntu.com/ubuntu bionic-backports/universe i386 Packages [18.1 kB]
Get:30 http://archive.ubuntu.com/ubuntu bionic-backports/universe amd64 Packages [18.2 kB]
Fetched 20.1 MB in 6s (3,608 kB/s)
Reading package lists...
W: --force-yes is deprecated, use one of the options starting with --allow instead.
Reading package lists...
Building dependency tree...
Reading state information...
The following additional packages will be installed:
  dpkg-dev fakeroot g++ g++-7 gcc gcc-7 libalgorithm-diff-perl
  libalgorithm-diff-xs-perl libalgorithm-merge-perl libasan4 libatomic1
  libc-dev-bin libc6-dev libcc1-0 libcilkrts5 libdpkg-perl libfakeroot
  libfile-fcntllock-perl libgcc-7-dev libgomp1 libitm1 liblsan0 libmpx2
  libquadmath0 libstdc++-7-dev libtsan0 libubsan0 linux-headers-4.15.0-206
  linux-libc-dev make manpages-dev patch
Suggested packages:
  python3-apport menu debian-keyring g++-multilib g++-7-multilib gcc-7-doc
  libstdc++6-7-dbg gcc-multilib autoconf automake libtool flex bison gdb
  gcc-doc gcc-7-multilib gcc-7-locales libgcc1-dbg libgomp1-dbg libitm1-dbg
  libatomic1-dbg libasan4-dbg liblsan0-dbg libtsan0-dbg libubsan0-dbg
  libcilkrts5-dbg libmpx2-dbg libquadmath0-dbg glibc-doc git bzr
  libstdc++-7-doc make-doc diffutils-doc
The following NEW packages will be installed:
  build-essential dkms dpkg-dev fakeroot g++ g++-7 gcc gcc-7
  libalgorithm-diff-perl libalgorithm-diff-xs-perl libalgorithm-merge-perl
  libasan4 libatomic1 libc-dev-bin libc6-dev libcc1-0 libcilkrts5 libdpkg-perl
  libfakeroot libfile-fcntllock-perl libgcc-7-dev libgomp1 libitm1 liblsan0
  libmpx2 libquadmath0 libstdc++-7-dev libtsan0 libubsan0
  linux-headers-4.15.0-206 linux-headers-4.15.0-206-generic linux-libc-dev
  make manpages-dev patch
0 upgraded, 35 newly installed, 0 to remove and 60 not upgraded.
Need to get 983 kB/43.6 MB of archives.
After this operation, 214 MB of additional disk space will be used.
Get:1 http://archive.ubuntu.com/ubuntu bionic-updates/main amd64 linux-libc-dev amd64 4.15.0-213.224 [983 kB]
Fetched 983 kB in 1s (1,148 kB/s)
Selecting previously unselected package libc-dev-bin.
(Reading database ... 33405 files and directories currently installed.)
Preparing to unpack .../00-libc-dev-bin_2.27-3ubuntu1.6_amd64.deb ...
Unpacking libc-dev-bin (2.27-3ubuntu1.6) ...
Selecting previously unselected package linux-libc-dev:amd64.
Preparing to unpack .../01-linux-libc-dev_4.15.0-213.224_amd64.deb ...
Unpacking linux-libc-dev:amd64 (4.15.0-213.224) ...
Selecting previously unselected package libc6-dev:amd64.
Preparing to unpack .../02-libc6-dev_2.27-3ubuntu1.6_amd64.deb ...
Unpacking libc6-dev:amd64 (2.27-3ubuntu1.6) ...
Selecting previously unselected package libcc1-0:amd64.
Preparing to unpack .../03-libcc1-0_8.4.0-1ubuntu1~18.04_amd64.deb ...
Unpacking libcc1-0:amd64 (8.4.0-1ubuntu1~18.04) ...
Selecting previously unselected package libgomp1:amd64.
Preparing to unpack .../04-libgomp1_8.4.0-1ubuntu1~18.04_amd64.deb ...
Unpacking libgomp1:amd64 (8.4.0-1ubuntu1~18.04) ...
Selecting previously unselected package libitm1:amd64.
Preparing to unpack .../05-libitm1_8.4.0-1ubuntu1~18.04_amd64.deb ...
Unpacking libitm1:amd64 (8.4.0-1ubuntu1~18.04) ...
Selecting previously unselected package libatomic1:amd64.
Preparing to unpack .../06-libatomic1_8.4.0-1ubuntu1~18.04_amd64.deb ...
Unpacking libatomic1:amd64 (8.4.0-1ubuntu1~18.04) ...
Selecting previously unselected package libasan4:amd64.
Preparing to unpack .../07-libasan4_7.5.0-3ubuntu1~18.04_amd64.deb ...
Unpacking libasan4:amd64 (7.5.0-3ubuntu1~18.04) ...
Selecting previously unselected package liblsan0:amd64.
Preparing to unpack .../08-liblsan0_8.4.0-1ubuntu1~18.04_amd64.deb ...
Unpacking liblsan0:amd64 (8.4.0-1ubuntu1~18.04) ...
Selecting previously unselected package libtsan0:amd64.
Preparing to unpack .../09-libtsan0_8.4.0-1ubuntu1~18.04_amd64.deb ...
Unpacking libtsan0:amd64 (8.4.0-1ubuntu1~18.04) ...
Selecting previously unselected package libubsan0:amd64.
Preparing to unpack .../10-libubsan0_7.5.0-3ubuntu1~18.04_amd64.deb ...
Unpacking libubsan0:amd64 (7.5.0-3ubuntu1~18.04) ...
Selecting previously unselected package libcilkrts5:amd64.
Preparing to unpack .../11-libcilkrts5_7.5.0-3ubuntu1~18.04_amd64.deb ...
Unpacking libcilkrts5:amd64 (7.5.0-3ubuntu1~18.04) ...
Selecting previously unselected package libmpx2:amd64.
Preparing to unpack .../12-libmpx2_8.4.0-1ubuntu1~18.04_amd64.deb ...
Unpacking libmpx2:amd64 (8.4.0-1ubuntu1~18.04) ...
Selecting previously unselected package libquadmath0:amd64.
Preparing to unpack .../13-libquadmath0_8.4.0-1ubuntu1~18.04_amd64.deb ...
Unpacking libquadmath0:amd64 (8.4.0-1ubuntu1~18.04) ...
Selecting previously unselected package libgcc-7-dev:amd64.
Preparing to unpack .../14-libgcc-7-dev_7.5.0-3ubuntu1~18.04_amd64.deb ...
Unpacking libgcc-7-dev:amd64 (7.5.0-3ubuntu1~18.04) ...
Selecting previously unselected package gcc-7.
Preparing to unpack .../15-gcc-7_7.5.0-3ubuntu1~18.04_amd64.deb ...
Unpacking gcc-7 (7.5.0-3ubuntu1~18.04) ...
Selecting previously unselected package gcc.
Preparing to unpack .../16-gcc_4%3a7.4.0-1ubuntu2.3_amd64.deb ...
Unpacking gcc (4:7.4.0-1ubuntu2.3) ...
Selecting previously unselected package libstdc++-7-dev:amd64.
Preparing to unpack .../17-libstdc++-7-dev_7.5.0-3ubuntu1~18.04_amd64.deb ...
Unpacking libstdc++-7-dev:amd64 (7.5.0-3ubuntu1~18.04) ...
Selecting previously unselected package g++-7.
Preparing to unpack .../18-g++-7_7.5.0-3ubuntu1~18.04_amd64.deb ...
Unpacking g++-7 (7.5.0-3ubuntu1~18.04) ...
Selecting previously unselected package g++.
Preparing to unpack .../19-g++_4%3a7.4.0-1ubuntu2.3_amd64.deb ...
Unpacking g++ (4:7.4.0-1ubuntu2.3) ...
Selecting previously unselected package make.
Preparing to unpack .../20-make_4.1-9.1ubuntu1_amd64.deb ...
Unpacking make (4.1-9.1ubuntu1) ...
Selecting previously unselected package libdpkg-perl.
Preparing to unpack .../21-libdpkg-perl_1.19.0.5ubuntu2.4_all.deb ...
Unpacking libdpkg-perl (1.19.0.5ubuntu2.4) ...
Selecting previously unselected package patch.
Preparing to unpack .../22-patch_2.7.6-2ubuntu1.1_amd64.deb ...
Unpacking patch (2.7.6-2ubuntu1.1) ...
Selecting previously unselected package dpkg-dev.
Preparing to unpack .../23-dpkg-dev_1.19.0.5ubuntu2.4_all.deb ...
Unpacking dpkg-dev (1.19.0.5ubuntu2.4) ...
Selecting previously unselected package build-essential.
Preparing to unpack .../24-build-essential_12.4ubuntu1_amd64.deb ...
Unpacking build-essential (12.4ubuntu1) ...
Selecting previously unselected package dkms.
Preparing to unpack .../25-dkms_2.3-3ubuntu9.7_all.deb ...
Unpacking dkms (2.3-3ubuntu9.7) ...
Selecting previously unselected package libfakeroot:amd64.
Preparing to unpack .../26-libfakeroot_1.22-2ubuntu1_amd64.deb ...
Unpacking libfakeroot:amd64 (1.22-2ubuntu1) ...
Selecting previously unselected package fakeroot.
Preparing to unpack .../27-fakeroot_1.22-2ubuntu1_amd64.deb ...
Unpacking fakeroot (1.22-2ubuntu1) ...
Selecting previously unselected package libalgorithm-diff-perl.
Preparing to unpack .../28-libalgorithm-diff-perl_1.19.03-1_all.deb ...
Unpacking libalgorithm-diff-perl (1.19.03-1) ...
Selecting previously unselected package libalgorithm-diff-xs-perl.
Preparing to unpack .../29-libalgorithm-diff-xs-perl_0.04-5_amd64.deb ...
Unpacking libalgorithm-diff-xs-perl (0.04-5) ...
Selecting previously unselected package libalgorithm-merge-perl.
Preparing to unpack .../30-libalgorithm-merge-perl_0.08-3_all.deb ...
Unpacking libalgorithm-merge-perl (0.08-3) ...
Selecting previously unselected package libfile-fcntllock-perl.
Preparing to unpack .../31-libfile-fcntllock-perl_0.22-3build2_amd64.deb ...
Unpacking libfile-fcntllock-perl (0.22-3build2) ...
Selecting previously unselected package linux-headers-4.15.0-206.
Preparing to unpack .../32-linux-headers-4.15.0-206_4.15.0-206.217_all.deb ...
Unpacking linux-headers-4.15.0-206 (4.15.0-206.217) ...
Selecting previously unselected package linux-headers-4.15.0-206-generic.
Preparing to unpack .../33-linux-headers-4.15.0-206-generic_4.15.0-206.217_amd64.deb ...
Unpacking linux-headers-4.15.0-206-generic (4.15.0-206.217) ...
Selecting previously unselected package manpages-dev.
Preparing to unpack .../34-manpages-dev_4.15-1_all.deb ...
Unpacking manpages-dev (4.15-1) ...
Setting up libquadmath0:amd64 (8.4.0-1ubuntu1~18.04) ...
Setting up libgomp1:amd64 (8.4.0-1ubuntu1~18.04) ...
Setting up libatomic1:amd64 (8.4.0-1ubuntu1~18.04) ...
Setting up libcc1-0:amd64 (8.4.0-1ubuntu1~18.04) ...
Setting up make (4.1-9.1ubuntu1) ...
Setting up libasan4:amd64 (7.5.0-3ubuntu1~18.04) ...
Setting up linux-headers-4.15.0-206 (4.15.0-206.217) ...
Setting up libcilkrts5:amd64 (7.5.0-3ubuntu1~18.04) ...
Setting up libubsan0:amd64 (7.5.0-3ubuntu1~18.04) ...
Setting up libtsan0:amd64 (8.4.0-1ubuntu1~18.04) ...
Setting up linux-libc-dev:amd64 (4.15.0-213.224) ...
Setting up libdpkg-perl (1.19.0.5ubuntu2.4) ...
Setting up linux-headers-4.15.0-206-generic (4.15.0-206.217) ...
/etc/kernel/header_postinst.d/dkms:
 * dkms: running auto installation service for kernel 4.15.0-206-generic
   ...done.
Setting up liblsan0:amd64 (8.4.0-1ubuntu1~18.04) ...
Setting up libfile-fcntllock-perl (0.22-3build2) ...
Setting up libmpx2:amd64 (8.4.0-1ubuntu1~18.04) ...
Setting up patch (2.7.6-2ubuntu1.1) ...
Setting up libfakeroot:amd64 (1.22-2ubuntu1) ...
Setting up libalgorithm-diff-perl (1.19.03-1) ...
Setting up libc-dev-bin (2.27-3ubuntu1.6) ...
Setting up manpages-dev (4.15-1) ...
Setting up libc6-dev:amd64 (2.27-3ubuntu1.6) ...
Setting up libitm1:amd64 (8.4.0-1ubuntu1~18.04) ...
Setting up fakeroot (1.22-2ubuntu1) ...
update-alternatives: using /usr/bin/fakeroot-sysv to provide /usr/bin/fakeroot (fakeroot) in auto mode
Setting up libgcc-7-dev:amd64 (7.5.0-3ubuntu1~18.04) ...
Setting up libstdc++-7-dev:amd64 (7.5.0-3ubuntu1~18.04) ...
Setting up libalgorithm-merge-perl (0.08-3) ...
Setting up dpkg-dev (1.19.0.5ubuntu2.4) ...
Setting up libalgorithm-diff-xs-perl (0.04-5) ...
Setting up gcc-7 (7.5.0-3ubuntu1~18.04) ...
Setting up g++-7 (7.5.0-3ubuntu1~18.04) ...
Setting up gcc (4:7.4.0-1ubuntu2.3) ...
Setting up dkms (2.3-3ubuntu9.7) ...
Setting up g++ (4:7.4.0-1ubuntu2.3) ...
update-alternatives: using /usr/bin/g++ to provide /usr/bin/c++ (c++) in auto mode
Setting up build-essential (12.4ubuntu1) ...
Processing triggers for man-db (2.8.3-2ubuntu0.1) ...
Processing triggers for libc-bin (2.27-3ubuntu1.6) ...
Copy iso file C:\Program Files\Oracle\VirtualBox\VBoxGuestAdditions.iso into the box /tmp/VBoxGuestAdditions.iso
Mounting Virtualbox Guest Additions ISO to: /mnt
mount: /mnt: WARNING: device write-protected, mounted read-only.
Installing Virtualbox Guest Additions 7.0.12 - guest version is 7.0.6
Verifying archive integrity...  100%   MD5 checksums are OK. All good.
Uncompressing VirtualBox 7.0.12 Guest Additions for Linux  100%
VirtualBox Guest Additions installer
Removing installed version 7.0.6 of VirtualBox Guest Additions...
update-initramfs: Generating /boot/initrd.img-4.15.0-206-generic
Copying additional installer modules ...
Installing additional modules ...
VirtualBox Guest Additions: Starting.
VirtualBox Guest Additions: Setting up modules
VirtualBox Guest Additions: Building the VirtualBox Guest Additions kernel
modules.  This may take a while.
VirtualBox Guest Additions: To build modules for other installed kernels, run
VirtualBox Guest Additions:   /sbin/rcvboxadd quicksetup <version>
VirtualBox Guest Additions: or
VirtualBox Guest Additions:   /sbin/rcvboxadd quicksetup all
VirtualBox Guest Additions: Building the modules for kernel 4.15.0-206-generic.
update-initramfs: Generating /boot/initrd.img-4.15.0-206-generic
VirtualBox Guest Additions: Running kernel modules will not be replaced until
the system is restarted or 'rcvboxadd reload' triggered
VirtualBox Guest Additions: reloading kernel modules and services
VirtualBox Guest Additions: kernel modules and services 7.0.12 r159484 reloaded
VirtualBox Guest Additions: NOTE: you may still consider to re-login if some
user session specific services (Shared Clipboard, Drag and Drop, Seamless or
Guest Screen Resize) were not restarted automatically
Unmounting Virtualbox Guest Additions ISO from: /mnt
umount: /mnt: not mounted.
==> control: Checking for guest additions in VM...
The following SSH command responded with a non-zero exit status.
Vagrant assumes that this means the command failed!

umount /mnt

Stdout from the command:



Stderr from the command:

umount: /mnt: not mounted.

C:\Users\RBSH4852\Desktop\vagrant-files>